// Jest Snapshot v1, https://goo.gl/fbAQLP

exports[`<App />  should render app component properly 1`] = `
Object {
  "asFragment": [Function],
  "baseElement": <body>
    <div>
      <header
        class="sc-htoDjs frBPZe"
        data-testid="header"
      >
        <nav>
          <div
            class="sc-dnqmqq kWXKmR"
          >
            <a
              class="logo"
              href="/"
            >
              <svg
                fill="currentColor"
                height="1em"
                stroke="currentColor"
                stroke-width="0"
                viewBox="0 0 576 512"
                width="1em"
                xmlns="http://www.w3.org/2000/svg"
              >
                <path
                  d="M280.37 148.26L96 300.11V464a16 16 0 0 0 16 16l112.06-.29a16 16 0 0 0 15.92-16V368a16 16 0 0 1 16-16h64a16 16 0 0 1 16 16v95.64a16 16 0 0 0 16 16.05L464 480a16 16 0 0 0 16-16V300L295.67 148.26a12.19 12.19 0 0 0-15.3 0zM571.6 251.47L488 182.56V44.05a12 12 0 0 0-12-12h-56a12 12 0 0 0-12 12v72.61L318.47 43a48 48 0 0 0-61 0L4.34 251.47a12 12 0 0 0-1.6 16.9l25.5 31A12 12 0 0 0 45.15 301l235.22-193.74a12.19 12.19 0 0 1 15.3 0L530.9 301a12 12 0 0 0 16.9-1.6l25.5-31a12 12 0 0 0-1.7-16.93z"
                />
              </svg>
              <span>
                tasky
              </span>
            </a>
          </div>
          <ul
            class="sc-iwsKbI ioMvPY"
          >
            <li>
              <a
                href="/tasks"
              >
                <svg
                  fill="currentColor"
                  height="1em"
                  stroke="currentColor"
                  stroke-width="0"
                  viewBox="0 0 512 512"
                  width="1em"
                  xmlns="http://www.w3.org/2000/svg"
                >
                  <path
                    d="M208 132h288c8.8 0 16-7.2 16-16V76c0-8.8-7.2-16-16-16H208c-8.8 0-16 7.2-16 16v40c0 8.8 7.2 16 16 16zm0 160h288c8.8 0 16-7.2 16-16v-40c0-8.8-7.2-16-16-16H208c-8.8 0-16 7.2-16 16v40c0 8.8 7.2 16 16 16zm0 160h288c8.8 0 16-7.2 16-16v-40c0-8.8-7.2-16-16-16H208c-8.8 0-16 7.2-16 16v40c0 8.8 7.2 16 16 16zM64 368c-26.5 0-48.6 21.5-48.6 48s22.1 48 48.6 48 48-21.5 48-48-21.5-48-48-48zm92.5-299l-72.2 72.2-15.6 15.6c-4.7 4.7-12.9 4.7-17.6 0L3.5 109.4c-4.7-4.7-4.7-12.3 0-17l15.7-15.7c4.7-4.7 12.3-4.7 17 0l22.7 22.1 63.7-63.3c4.7-4.7 12.3-4.7 17 0l17 16.5c4.6 4.7 4.6 12.3-.1 17zm0 159.6l-72.2 72.2-15.7 15.7c-4.7 4.7-12.9 4.7-17.6 0L3.5 269c-4.7-4.7-4.7-12.3 0-17l15.7-15.7c4.7-4.7 12.3-4.7 17 0l22.7 22.1 63.7-63.7c4.7-4.7 12.3-4.7 17 0l17 17c4.6 4.6 4.6 12.2-.1 16.9z"
                  />
                </svg>
                <span>
                  Tasks
                </span>
              </a>
            </li>
            <li>
              <a
                href="/login"
              >
                <svg
                  fill="currentColor"
                  height="1em"
                  stroke="currentColor"
                  stroke-width="0"
                  viewBox="0 0 512 512"
                  width="1em"
                  xmlns="http://www.w3.org/2000/svg"
                >
                  <path
                    d="M256 288c79.5 0 144-64.5 144-144S335.5 0 256 0 112 64.5 112 144s64.5 144 144 144zm128 32h-55.1c-22.2 10.2-46.9 16-72.9 16s-50.6-5.8-72.9-16H128C57.3 320 0 377.3 0 448v16c0 26.5 21.5 48 48 48h416c26.5 0 48-21.5 48-48v-16c0-70.7-57.3-128-128-128z"
                  />
                </svg>
                <span>
                  Profile
                </span>
              </a>
            </li>
          </ul>
        </nav>
      </header>
      <div
        class="sc-htpNat evZuvh"
      >
        <h1>
          welcome to tasky app
        </h1>
        <p>
          tasky app is your place to control your tasks around day
        </p>
      </div>
      <div
        class="sc-bwzfXH cXhmWe"
      />
    </div>
  </body>,
  "container": <div>
    <header
      class="sc-htoDjs frBPZe"
      data-testid="header"
    >
      <nav>
        <div
          class="sc-dnqmqq kWXKmR"
        >
          <a
            class="logo"
            href="/"
          >
            <svg
              fill="currentColor"
              height="1em"
              stroke="currentColor"
              stroke-width="0"
              viewBox="0 0 576 512"
              width="1em"
              xmlns="http://www.w3.org/2000/svg"
            >
              <path
                d="M280.37 148.26L96 300.11V464a16 16 0 0 0 16 16l112.06-.29a16 16 0 0 0 15.92-16V368a16 16 0 0 1 16-16h64a16 16 0 0 1 16 16v95.64a16 16 0 0 0 16 16.05L464 480a16 16 0 0 0 16-16V300L295.67 148.26a12.19 12.19 0 0 0-15.3 0zM571.6 251.47L488 182.56V44.05a12 12 0 0 0-12-12h-56a12 12 0 0 0-12 12v72.61L318.47 43a48 48 0 0 0-61 0L4.34 251.47a12 12 0 0 0-1.6 16.9l25.5 31A12 12 0 0 0 45.15 301l235.22-193.74a12.19 12.19 0 0 1 15.3 0L530.9 301a12 12 0 0 0 16.9-1.6l25.5-31a12 12 0 0 0-1.7-16.93z"
              />
            </svg>
            <span>
              tasky
            </span>
          </a>
        </div>
        <ul
          class="sc-iwsKbI ioMvPY"
        >
          <li>
            <a
              href="/tasks"
            >
              <svg
                fill="currentColor"
                height="1em"
                stroke="currentColor"
                stroke-width="0"
                viewBox="0 0 512 512"
                width="1em"
                xmlns="http://www.w3.org/2000/svg"
              >
                <path
                  d="M208 132h288c8.8 0 16-7.2 16-16V76c0-8.8-7.2-16-16-16H208c-8.8 0-16 7.2-16 16v40c0 8.8 7.2 16 16 16zm0 160h288c8.8 0 16-7.2 16-16v-40c0-8.8-7.2-16-16-16H208c-8.8 0-16 7.2-16 16v40c0 8.8 7.2 16 16 16zm0 160h288c8.8 0 16-7.2 16-16v-40c0-8.8-7.2-16-16-16H208c-8.8 0-16 7.2-16 16v40c0 8.8 7.2 16 16 16zM64 368c-26.5 0-48.6 21.5-48.6 48s22.1 48 48.6 48 48-21.5 48-48-21.5-48-48-48zm92.5-299l-72.2 72.2-15.6 15.6c-4.7 4.7-12.9 4.7-17.6 0L3.5 109.4c-4.7-4.7-4.7-12.3 0-17l15.7-15.7c4.7-4.7 12.3-4.7 17 0l22.7 22.1 63.7-63.3c4.7-4.7 12.3-4.7 17 0l17 16.5c4.6 4.7 4.6 12.3-.1 17zm0 159.6l-72.2 72.2-15.7 15.7c-4.7 4.7-12.9 4.7-17.6 0L3.5 269c-4.7-4.7-4.7-12.3 0-17l15.7-15.7c4.7-4.7 12.3-4.7 17 0l22.7 22.1 63.7-63.7c4.7-4.7 12.3-4.7 17 0l17 17c4.6 4.6 4.6 12.2-.1 16.9z"
                />
              </svg>
              <span>
                Tasks
              </span>
            </a>
          </li>
          <li>
            <a
              href="/login"
            >
              <svg
                fill="currentColor"
                height="1em"
                stroke="currentColor"
                stroke-width="0"
                viewBox="0 0 512 512"
                width="1em"
                xmlns="http://www.w3.org/2000/svg"
              >
                <path
                  d="M256 288c79.5 0 144-64.5 144-144S335.5 0 256 0 112 64.5 112 144s64.5 144 144 144zm128 32h-55.1c-22.2 10.2-46.9 16-72.9 16s-50.6-5.8-72.9-16H128C57.3 320 0 377.3 0 448v16c0 26.5 21.5 48 48 48h416c26.5 0 48-21.5 48-48v-16c0-70.7-57.3-128-128-128z"
                />
              </svg>
              <span>
                Profile
              </span>
            </a>
          </li>
        </ul>
      </nav>
    </header>
    <div
      class="sc-htpNat evZuvh"
    >
      <h1>
        welcome to tasky app
      </h1>
      <p>
        tasky app is your place to control your tasks around day
      </p>
    </div>
    <div
      class="sc-bwzfXH cXhmWe"
    />
  </div>,
  "debug": [Function],
  "findAllByAltText": [Function],
  "findAllByDisplayValue": [Function],
  "findAllByLabelText": [Function],
  "findAllByPlaceholderText": [Function],
  "findAllByRole": [Function],
  "findAllByTestId": [Function],
  "findAllByText": [Function],
  "findAllByTitle": [Function],
  "findByAltText": [Function],
  "findByDisplayValue": [Function],
  "findByLabelText": [Function],
  "findByPlaceholderText": [Function],
  "findByRole": [Function],
  "findByTestId": [Function],
  "findByText": [Function],
  "findByTitle": [Function],
  "getAllByAltText": [Function],
  "getAllByDisplayValue": [Function],
  "getAllByLabelText": [Function],
  "getAllByPlaceholderText": [Function],
  "getAllByRole": [Function],
  "getAllByTestId": [Function],
  "getAllByText": [Function],
  "getAllByTitle": [Function],
  "getByAltText": [Function],
  "getByDisplayValue": [Function],
  "getByLabelText": [Function],
  "getByPlaceholderText": [Function],
  "getByRole": [Function],
  "getByTestId": [Function],
  "getByText": [Function],
  "getByTitle": [Function],
  "queryAllByAltText": [Function],
  "queryAllByDisplayValue": [Function],
  "queryAllByLabelText": [Function],
  "queryAllByPlaceholderText": [Function],
  "queryAllByRole": [Function],
  "queryAllByTestId": [Function],
  "queryAllByText": [Function],
  "queryAllByTitle": [Function],
  "queryByAltText": [Function],
  "queryByDisplayValue": [Function],
  "queryByLabelText": [Function],
  "queryByPlaceholderText": [Function],
  "queryByRole": [Function],
  "queryByTestId": [Function],
  "queryByText": [Function],
  "queryByTitle": [Function],
  "rerender": [Function],
  "unmount": [Function],
}
`;
