// Jest Snapshot v1, https://goo.gl/fbAQLP

exports[`render Tasks page should render the form of Tasks  1`] = `
Object {
  "asFragment": [Function],
  "baseElement": <body>
    <div>
      <div>
        <h2>
          control your tasks
        </h2>
        <form
          class="sc-htpNat dAJjhG"
        >
          <input
            data-testid="task-title"
            placeholder="task title"
            required=""
            type="text"
            value=""
          />
          <input
            data-testid="task-cateogry"
            placeholder="task category"
            required=""
            type="text"
            value=""
          />
          <button
            data-testid="submiting"
            type="submit"
          >
            Add Task
          </button>
        </form>
        <div
          class="sc-bdVaJa kqCUAT"
        />
      </div>
    </div>
  </body>,
  "container": <div>
    <div>
      <h2>
        control your tasks
      </h2>
      <form
        class="sc-htpNat dAJjhG"
      >
        <input
          data-testid="task-title"
          placeholder="task title"
          required=""
          type="text"
          value=""
        />
        <input
          data-testid="task-cateogry"
          placeholder="task category"
          required=""
          type="text"
          value=""
        />
        <button
          data-testid="submiting"
          type="submit"
        >
          Add Task
        </button>
      </form>
      <div
        class="sc-bdVaJa kqCUAT"
      />
    </div>
  </div>,
  "debug": [Function],
  "findAllByAltText": [Function],
  "findAllByDisplayValue": [Function],
  "findAllByLabelText": [Function],
  "findAllByPlaceholderText": [Function],
  "findAllByRole": [Function],
  "findAllByTestId": [Function],
  "findAllByText": [Function],
  "findAllByTitle": [Function],
  "findByAltText": [Function],
  "findByDisplayValue": [Function],
  "findByLabelText": [Function],
  "findByPlaceholderText": [Function],
  "findByRole": [Function],
  "findByTestId": [Function],
  "findByText": [Function],
  "findByTitle": [Function],
  "getAllByAltText": [Function],
  "getAllByDisplayValue": [Function],
  "getAllByLabelText": [Function],
  "getAllByPlaceholderText": [Function],
  "getAllByRole": [Function],
  "getAllByTestId": [Function],
  "getAllByText": [Function],
  "getAllByTitle": [Function],
  "getByAltText": [Function],
  "getByDisplayValue": [Function],
  "getByLabelText": [Function],
  "getByPlaceholderText": [Function],
  "getByRole": [Function],
  "getByTestId": [Function],
  "getByText": [Function],
  "getByTitle": [Function],
  "queryAllByAltText": [Function],
  "queryAllByDisplayValue": [Function],
  "queryAllByLabelText": [Function],
  "queryAllByPlaceholderText": [Function],
  "queryAllByRole": [Function],
  "queryAllByTestId": [Function],
  "queryAllByText": [Function],
  "queryAllByTitle": [Function],
  "queryByAltText": [Function],
  "queryByDisplayValue": [Function],
  "queryByLabelText": [Function],
  "queryByPlaceholderText": [Function],
  "queryByRole": [Function],
  "queryByTestId": [Function],
  "queryByText": [Function],
  "queryByTitle": [Function],
  "rerender": [Function],
  "unmount": [Function],
}
`;
